[
  [
    "<ul class=\"cds--accordion cds--accordion--end\n        cds--accordion--md\" data-index=\"0\"></ul>",
    {
      "height": "93.9844px"
    }
  ],
  [
    "<li class=\"cds--accordion__item\n        cds--accordion__item--active\n        \" data-index=\"1\"></li>",
    {
      "height": "93.9844px"
    }
  ],
  [
    "<svg focusable=\"false\" preserveAspectRatio=\"xMidYMid meet\" xmlns=\"http://www.w3.org/2000/svg\" fill=\"currentColor\" width=\"16\" height=\"16\" viewBox=\"0 0 16 16\" aria-hidden=\"true\" class=\"cds--accordion__arrow\" data-index=\"3\"></svg>",
    {
      "transform": "matrix(0, -1, 1, 0, 0, 0)"
    }
  ],
  [
    "<div class=\"cds--accordion__wrapper\" data-index=\"6\"></div>",
    {
      "display": "block",
      "height": "51.9844px",
      "opacity": "1",
      "overflow": "visible",
      "padding": "8px 0px 24px",
      "width": "1276px"
    }
  ],
  [
    "<div id=\"accordion-item-ember123\" class=\"cds--accordion__content\" data-index=\"7\"></div>",
    {
      "height": "19.9844px",
      "padding": "0px 319px 0px 16px",
      "width": "1276px"
    }
  ],
  [
    "<p data-index=\"8\"></p>",
    {
      "height": "19.9844px",
      "width": "941px"
    }
  ]
]