[
  [
    "<nav class=\"cds--breadcrumb cds--breadcrumb--no-trailing-slash\" aria-label=\"breadcrumb\" data-index=\"0\"></nav>",
    {
      "border": "0px none rgb(22, 22, 22)",
      "color": "rgb(22, 22, 22)",
      "display": "flex",
      "font": "",
      "height": "18px",
      "outline": "rgb(22, 22, 22) none 0px",
      "width": "1276px"
    }
  ],
  [
    "<nav:before class=\"cds--breadcrumb cds--breadcrumb--no-trailing-slash\" aria-label=\"breadcrumb\" data-index=\"0\"></nav:before>",
    {
      "border": "0px none rgb(22, 22, 22)",
      "color": "rgb(22, 22, 22)",
      "display": "block",
      "font": "",
      "outline": "rgb(22, 22, 22) none 0px"
    }
  ],
  [
    "<nav:after class=\"cds--breadcrumb cds--breadcrumb--no-trailing-slash\" aria-label=\"breadcrumb\" data-index=\"0\"></nav:after>",
    {
      "border": "0px none rgb(22, 22, 22)",
      "color": "rgb(22, 22, 22)",
      "display": "block",
      "font": "",
      "outline": "rgb(22, 22, 22) none 0px"
    }
  ],
  [
    "<div class=\"cds--breadcrumb-item \" data-index=\"1\"></div>",
    {
      "border": "0px none rgb(22, 22, 22)",
      "bottom": "0px",
      "color": "rgb(22, 22, 22)",
      "display": "flex",
      "font": "",
      "inset": "0px",
      "left": "0px",
      "margin": "0px 8px 0px 0px",
      "outline": "rgb(22, 22, 22) none 0px",
      "position": "relative",
      "right": "0px",
      "top": "0px",
      "width": "21.1719px"
    }
  ],
  [
    "<div:before class=\"cds--breadcrumb-item \" data-index=\"1\"></div:before>",
    {
      "border": "0px none rgb(22, 22, 22)",
      "color": "rgb(22, 22, 22)",
      "display": "block",
      "font": "",
      "outline": "rgb(22, 22, 22) none 0px"
    }
  ],
  [
    "<div:after class=\"cds--breadcrumb-item \" data-index=\"1\"></div:after>",
    {
      "border": "0px none rgb(22, 22, 22)",
      "color": "rgb(22, 22, 22)",
      "content": "\"/\"",
      "display": "block",
      "font": "",
      "height": "18px",
      "margin": "0px 0px 0px 8px",
      "outline": "rgb(22, 22, 22) none 0px",
      "width": "5.53125px"
    }
  ],
  [
    "<a href=\"#\" class=\"cds--link\" data-index=\"2\"></a>",
    {
      "border": "0px none rgb(15, 98, 254)",
      "color": "rgb(15, 98, 254)",
      "display": "flex",
      "font": "",
      "height": "18px",
      "outline": "rgb(15, 98, 254) none 0px",
      "transition": "color 0.07s cubic-bezier(0.2, 0, 0.38, 0.9)",
      "width": "7.64062px"
    }
  ],
  [
    "<a:before href=\"#\" class=\"cds--link\" data-index=\"2\"></a:before>",
    {
      "border": "0px none rgb(15, 98, 254)",
      "color": "rgb(15, 98, 254)",
      "display": "block",
      "font": "",
      "outline": "rgb(15, 98, 254) none 0px"
    }
  ],
  [
    "<a:after href=\"#\" class=\"cds--link\" data-index=\"2\"></a:after>",
    {
      "border": "0px none rgb(15, 98, 254)",
      "color": "rgb(15, 98, 254)",
      "display": "block",
      "font": "",
      "outline": "rgb(15, 98, 254) none 0px"
    }
  ],
  [
    "<div class=\"cds--breadcrumb-item cds--breadcrumb-item--current\" data-index=\"3\"></div>",
    {
      "border": "0px none rgb(22, 22, 22)",
      "bottom": "0px",
      "color": "rgb(22, 22, 22)",
      "display": "flex",
      "font": "",
      "inset": "0px",
      "left": "0px",
      "margin": "0px 8px 0px 0px",
      "outline": "rgb(22, 22, 22) none 0px",
      "position": "relative",
      "right": "0px",
      "top": "0px",
      "width": "21.8125px"
    }
  ],
  [
    "<div:before class=\"cds--breadcrumb-item cds--breadcrumb-item--current\" data-index=\"3\"></div:before>",
    {
      "border": "0px none rgb(22, 22, 22)",
      "color": "rgb(22, 22, 22)",
      "display": "block",
      "font": "",
      "outline": "rgb(22, 22, 22) none 0px"
    }
  ],
  [
    "<div:after class=\"cds--breadcrumb-item cds--breadcrumb-item--current\" data-index=\"3\"></div:after>",
    {
      "border": "0px none rgb(22, 22, 22)",
      "color": "rgb(22, 22, 22)",
      "content": "\"/\"",
      "display": "block",
      "font": "",
      "height": "18px",
      "margin": "0px 0px 0px 8px",
      "outline": "rgb(22, 22, 22) none 0px",
      "width": "5.53125px"
    }
  ],
  [
    "<a href=\"#\" class=\"cds--link\" aria-current=\"true\" data-index=\"4\"></a>",
    {
      "border": "0px none rgb(22, 22, 22)",
      "color": "rgb(22, 22, 22)",
      "cursor": "auto",
      "display": "flex",
      "font": "",
      "height": "18px",
      "outline": "rgb(22, 22, 22) none 0px",
      "transition": "color 0.07s cubic-bezier(0.2, 0, 0.38, 0.9)",
      "width": "8.28125px"
    }
  ],
  [
    "<a:before href=\"#\" class=\"cds--link\" aria-current=\"true\" data-index=\"4\"></a:before>",
    {
      "border": "0px none rgb(22, 22, 22)",
      "color": "rgb(22, 22, 22)",
      "cursor": "auto",
      "display": "block",
      "font": "",
      "outline": "rgb(22, 22, 22) none 0px"
    }
  ],
  [
    "<a:after href=\"#\" class=\"cds--link\" aria-current=\"true\" data-index=\"4\"></a:after>",
    {
      "border": "0px none rgb(22, 22, 22)",
      "color": "rgb(22, 22, 22)",
      "cursor": "auto",
      "display": "block",
      "font": "",
      "outline": "rgb(22, 22, 22) none 0px"
    }
  ],
  [
    "<div class=\"cds--breadcrumb-item \" data-index=\"5\"></div>",
    {
      "border": "0px none rgb(22, 22, 22)",
      "bottom": "0px",
      "color": "rgb(22, 22, 22)",
      "display": "flex",
      "font": "",
      "inset": "0px",
      "left": "0px",
      "outline": "rgb(22, 22, 22) none 0px",
      "position": "relative",
      "right": "0px",
      "top": "0px",
      "width": "15.2031px"
    }
  ],
  [
    "<div:before class=\"cds--breadcrumb-item \" data-index=\"5\"></div:before>",
    {
      "border": "0px none rgb(22, 22, 22)",
      "color": "rgb(22, 22, 22)",
      "display": "block",
      "font": "",
      "outline": "rgb(22, 22, 22) none 0px"
    }
  ],
  [
    "<div:after class=\"cds--breadcrumb-item \" data-index=\"5\"></div:after>",
    {
      "border": "0px none rgb(22, 22, 22)",
      "color": "rgb(22, 22, 22)",
      "content": "\"\"",
      "display": "block",
      "font": "",
      "height": "0px",
      "margin": "0px 0px 0px 8px",
      "outline": "rgb(22, 22, 22) none 0px",
      "width": "0px"
    }
  ],
  [
    "<a href=\"#\" class=\"cds--link\" data-index=\"6\"></a>",
    {
      "border": "0px none rgb(15, 98, 254)",
      "color": "rgb(15, 98, 254)",
      "display": "flex",
      "font": "",
      "height": "18px",
      "outline": "rgb(15, 98, 254) none 0px",
      "transition": "color 0.07s cubic-bezier(0.2, 0, 0.38, 0.9)",
      "width": "7.20312px"
    }
  ],
  [
    "<a:before href=\"#\" class=\"cds--link\" data-index=\"6\"></a:before>",
    {
      "border": "0px none rgb(15, 98, 254)",
      "color": "rgb(15, 98, 254)",
      "display": "block",
      "font": "",
      "outline": "rgb(15, 98, 254) none 0px"
    }
  ],
  [
    "<a:after href=\"#\" class=\"cds--link\" data-index=\"6\"></a:after>",
    {
      "border": "0px none rgb(15, 98, 254)",
      "color": "rgb(15, 98, 254)",
      "display": "block",
      "font": "",
      "outline": "rgb(15, 98, 254) none 0px"
    }
  ]
]