[
  [
    "<button class=\"cds--btn\n        cds--btn--secondary\n        cds--layout--size-md\n        _namespace_1ejwd_1\n        \" aria-label=\"danger\" type=\"button\" data-index=\"0\"></button>",
    {
      "background": "rgb(57, 57, 57) none repeat scroll 0% 0% / auto padding-box border-box"
    }
  ]
]